// Jest Snapshot v1, https://goo.gl/fbAQLP

exports[`Should render LoginPage correctly 1`] = `
<div>
  <h1>
    Log In
  </h1>
  <button>
    LogIn
  </button>
</div>
`;
